Expo Autolinking module resolution enabled
Starting Metro Bundler

warning: Bundler cache is empty, rebuilding (this may take a minute)
| (node:85798) Warning: The 'NO_COLOR' env is ignored due to the 'FORCE_COLOR' env being set.
| (Use `node --trace-warnings ...` to show where the warning was created)
| (node:85798) Warning: The 'NO_COLOR' env is ignored due to the 'FORCE_COLOR' env being set.
| (Use `node --trace-warnings ...` to show where the warning was created)
| (node:85798) Warning: The 'NO_COLOR' env is ignored due to the 'FORCE_COLOR' env being set.
| (Use `node --trace-warnings ...` to show where the warning was created)
| (node:85798) Warning: The 'NO_COLOR' env is ignored due to the 'FORCE_COLOR' env being set.
| (Use `node --trace-warnings ...` to show where the warning was created)
| (node:85798) Warning: The 'NO_COLOR' env is ignored due to the 'FORCE_COLOR' env being set.
| (Use `node --trace-warnings ...` to show where the warning was created)
| (node:85798) Warning: The 'NO_COLOR' env is ignored due to the 'FORCE_COLOR' env being set.
| (Use `node --trace-warnings ...` to show where the warning was created)
| (node:85798) Warning: The 'NO_COLOR' env is ignored due to the 'FORCE_COLOR' env being set.
| (Use `node --trace-warnings ...` to show where the warning was created)
iOS Bundled 7791ms apps/kds/index.ts (927 modules)
Android Bundled 10585ms apps/kds/index.ts (925 modules)

› Assets (1):
../../packages/ui-native/assets/fonts/InterVariable.ttf (880KB)

› ios bundles (1):
_expo/static/js/ios/index-8cf8366dcf355f1ce929940ff9aff729.hbc (2.8MB)

› android bundles (1):
_expo/static/js/android/index-b9a2882ce8783679b90d0ce4a2b964e2.hbc (2.8MB)

› Files (1):
metadata.json (368B)

Exported: /tmp/snackmanager-refonte-kds-native
