Expo Autolinking module resolution enabled
Starting Metro Bundler

warning: Bundler cache is empty, rebuilding (this may take a minute)
| (node:76260) Warning: The 'NO_COLOR' env is ignored due to the 'FORCE_COLOR' env being set.
| (Use `node --trace-warnings ...` to show where the warning was created)
| (node:76260) Warning: The 'NO_COLOR' env is ignored due to the 'FORCE_COLOR' env being set.
| (Use `node --trace-warnings ...` to show where the warning was created)
| (node:76260) Warning: The 'NO_COLOR' env is ignored due to the 'FORCE_COLOR' env being set.
| (Use `node --trace-warnings ...` to show where the warning was created)
| (node:76260) Warning: The 'NO_COLOR' env is ignored due to the 'FORCE_COLOR' env being set.
| (Use `node --trace-warnings ...` to show where the warning was created)
| (node:76260) Warning: The 'NO_COLOR' env is ignored due to the 'FORCE_COLOR' env being set.
| (Use `node --trace-warnings ...` to show where the warning was created)
| (node:76260) Warning: The 'NO_COLOR' env is ignored due to the 'FORCE_COLOR' env being set.
| (Use `node --trace-warnings ...` to show where the warning was created)
| (node:76260) Warning: The 'NO_COLOR' env is ignored due to the 'FORCE_COLOR' env being set.
| (Use `node --trace-warnings ...` to show where the warning was created)
iOS Bundled 11979ms apps/pos/index.ts (982 modules)
Android Bundled 15554ms apps/pos/index.ts (982 modules)

› Assets (2):
../../packages/ui-native/assets/fonts/InterVariable.ttf (880KB)
assets/mark.png (16KB)

› ios bundles (1):
_expo/static/js/ios/index-79c2ca46ccae5abfc9f663704a391478.hbc (3.3MB)

› android bundles (1):
_expo/static/js/android/index-0a1376b66f7c5fa6fdbca92ffdcd9800.hbc (3.3MB)

› Files (1):
metadata.json (494B)

Exported: /tmp/snackmanager-refonte-v2-pos-native
