
> @sm/db@0.0.1 test /Users/limameghassene/development/SnackManager-refonte-ui/packages/db
> vitest run --maxWorkers=2 --minWorkers=1


 RUN  v3.2.7 /Users/limameghassene/development/SnackManager-refonte-ui/packages/db

 ✓ src/order-capacity-control.schema.test.ts (61 tests) 575ms
   ✓ contrôle privé de capacité — opt-in explicite > accepte les bornes entières sûres et exactement 1000 créneaux  312ms
 ✓ src/customer-sale-attribution.schema.test.ts (51 tests) 92ms
 ✓ src/password-hash.test.ts (1 test) 134ms
 ✓ src/order-refund-flow.schema.test.ts (62 tests) 95ms
 ✓ src/order-capacity-historical-admission.test.ts (71 tests) 47ms
 ✓ src/delivery-mission.schema.test.ts (7 tests) 42ms
 ✓ src/delivery-handoff.schema.test.ts (10 tests) 31ms
stdout | src/schemas.brand.test.ts
◇ injected env (0) from ../../.env // tip: ⌘ enable debugging { debug: true }

 ✓ src/schemas.brand.test.ts (15 tests) 23ms
 ✓ src/disposable-mongo-entrypoints.test.ts (32 tests) 6361ms
   ✓ seeds réels : les gardes précèdent les dépendances et les writes > 'seed.ts' refuse les preuves de 'tenants' avant les dépendances du writer  716ms
   ✓ seeds réels : les gardes précèdent les dépendances et les writes > 'seed.ts' refuse les preuves de 'public_order_admissions' avant les dépendances du writer  668ms
   ✓ seeds réels : les gardes précèdent les dépendances et les writes > 'seed.ts' refuse les preuves de 'order_capacity_days' avant les dépendances du writer  633ms
   ✓ seeds réels : les gardes précèdent les dépendances et les writes > 'seed-orders.ts' refuse les preuves de 'tenants' avant les dépendances du writer  693ms
   ✓ seeds réels : les gardes précèdent les dépendances et les writes > 'seed-orders.ts' refuse les preuves de 'public_order_admissions' avant les dépendances du writer  309ms
   ✓ seeds réels : les gardes précèdent les dépendances et les writes > 'seed-orders.ts' refuse les preuves de 'order_capacity_days' avant les dépendances du writer  343ms
   ✓ seeds réels : les gardes précèdent les dépendances et les writes > seed-orders.ts ferme une lecture durable échouée sans entrer dans le writer  361ms
   ✓ seeds réels : les gardes précèdent les dépendances et les writes > seed.ts atteint le writer seulement après trois contrôles vides, sans écrire  633ms
   ✓ seeds réels : les gardes précèdent les dépendances et les writes > seed-orders.ts atteint le writer seulement après trois contrôles vides, sans écrire  603ms
 ✓ src/order-recovery.schema.test.ts (5 tests) 22ms
 ✓ src/order-capacity-immutability.test.ts (54 tests | 10 skipped) 26ms
 ✓ src/order-capacity.schema.test.ts (22 tests) 24ms
 ✓ src/order-concurrency.test.ts (6 tests) 43ms
 ✓ src/delivery-fees.schema.test.ts (9 tests) 37ms
 ✓ src/order-payment-counter.schema.test.ts (13 tests) 21ms
 ✓ src/menu-brand-presentation.schema.test.ts (4 tests) 11ms
stdout | src/schemas.medias.test.ts
◇ injected env (0) from ../../.env // tip: ⌘ suppress logs { quiet: true }

stdout | src/backfill-brand.test.ts
◇ injected env (0) from ../../.env // tip: ⌘ enable debugging { debug: true }

 ✓ src/schemas.medias.test.ts (13 tests) 17ms
 ✓ src/backfill-brand.test.ts (11 tests) 11ms
 ✓ src/order-ready-notification.schema.test.ts (2 tests) 13ms
 ✓ src/registres-append-only.test.ts (20 tests) 12ms
 ✓ src/disposable-mongo-target.test.ts (44 tests) 8ms
 ✓ src/invoice-issuance.schema.test.ts (3 tests) 9ms
 ✓ src/studio-schema.test.ts (2 tests) 8ms
 ✓ src/customer-order-owner.test.ts (4 tests) 7ms
 ✓ src/cli/railway.test.ts (22 tests) 4ms
 ✓ src/backfill-flags.test.ts (4 tests) 3ms
stdout | src/backfill-founder.test.ts
◇ injected env (0) from ../../.env // tip: ◈ secrets for agents [www.dotenvx.com]

stdout | src/backfill-founder.test.ts
◇ injected env (0) from ../../.env // tip: ◈ encrypted .env [www.dotenvx.com]

 ✓ src/backfill-founder.test.ts (10 tests) 7ms
 ✓ src/user-roles.test.ts (3 tests) 7ms
 ✓ src/purge-test-invoices.test.ts (1 test) 2ms
 ✓ src/retention-indexes.test.ts (3 tests) 2ms
 ✓ src/user-session-version.test.ts (1 test) 1ms

 Test Files  31 passed (31)
      Tests  556 passed | 10 skipped (566)
   Start at  21:42:00
   Duration  13.98s (transform 642ms, setup 0ms, collect 13.39s, tests 7.70s, environment 3ms, prepare 1.47s)
