Expo Autolinking module resolution enabled
Starting Metro Bundler

warning: Bundler cache is empty, rebuilding (this may take a minute)
| (node:93383) Warning: The 'NO_COLOR' env is ignored due to the 'FORCE_COLOR' env being set.
| (Use `node --trace-warnings ...` to show where the warning was created)
| (node:93383) Warning: The 'NO_COLOR' env is ignored due to the 'FORCE_COLOR' env being set.
| (Use `node --trace-warnings ...` to show where the warning was created)
| (node:93383) Warning: The 'NO_COLOR' env is ignored due to the 'FORCE_COLOR' env being set.
| (Use `node --trace-warnings ...` to show where the warning was created)
| (node:93383) Warning: The 'NO_COLOR' env is ignored due to the 'FORCE_COLOR' env being set.
| (Use `node --trace-warnings ...` to show where the warning was created)
| (node:93383) Warning: The 'NO_COLOR' env is ignored due to the 'FORCE_COLOR' env being set.
| (Use `node --trace-warnings ...` to show where the warning was created)
| (node:93383) Warning: The 'NO_COLOR' env is ignored due to the 'FORCE_COLOR' env being set.
| (Use `node --trace-warnings ...` to show where the warning was created)
| (node:93383) Warning: The 'NO_COLOR' env is ignored due to the 'FORCE_COLOR' env being set.
| (Use `node --trace-warnings ...` to show where the warning was created)
Android Bundled 7615ms apps/kds/index.ts (928 modules)
iOS Bundled 10272ms apps/kds/index.ts (930 modules)

› Assets (1):
../../packages/ui-native/assets/fonts/InterVariable.ttf (880KB)

› android bundles (1):
_expo/static/js/android/index-8223b54c27d29198c12597bad3eabc37.hbc (2.8MB)

› ios bundles (1):
_expo/static/js/ios/index-f00b349fe7b7c88db7d8ee3a09553d1e.hbc (2.8MB)

› Files (1):
metadata.json (368B)

Exported: /tmp/snackmanager-refonte-v2-kds-native
